/home/grads/a/anath/anaconda3/envs/eco_dqn/lib/python3.10/site-packages/torch/_utils.py:776: UserWarning: TypedStorage is deprecated. It will be removed in the future and UntypedStorage will be the only storage class. This should only matter to you if you are using storages directly.  To access UntypedStorage directly, use tensor.untyped_storage() instead of tensor.storage()
  return self.fget.__get__(instance, owner)()
Solving MaxCover for Facebook Budget 100 Depth 50 with train_dist ER_200
Data has been loaded from ../snap_dataset/test/Facebook
Performance of GCNPruner
Size Constraint,k: 100
Size of Ground Set,|U|: 4002
Size of Pruned Ground Set, |Upruned|: 885
Pg(%): 77.89
Ratio: 99.74
C 77.68
Data has been saved to generelization/ER_200/MaxCover/data/Facebook/GNNPruner
**********
Time elpased to create the game 0.0958
Restarting MCTS
Restarting MCTS
Restarting MCTS
time elapsed to pruned 25.16002082824707
Total time to prune 26.640769004821777
Elapsed time (unpruned): 0.0214
Elapsed time (pruned): 0.0066
**********
Performance of MCTSPruner
Size Constraint,k: 100
Size of Ground Set,|U|: 4002
Size of Pruned Ground Set, |Upruned|: 200
Pg(%): 95.0
Ratio: 98.49
C 93.57
Data has been saved to generelization/ER_200/MaxCover/data/Facebook/MCTSPruner+GNNPruner
**********
Pruned universe from GNN is given
Action mask length in MCTS: 885
Time elpased to create the game 0.0079
time elapsed to pruned 25.493861198425293
Total time to prune 52.16397428512573
Elapsed time (unpruned): 0.0216
Elapsed time (pruned): 0.0065
**********
Performance of MCTSPruner+GNNPruner+GuidedMCTS
Size Constraint,k: 100
Size of Ground Set,|U|: 4002
Size of Pruned Ground Set, |Upruned|: 200
Pg(%): 95.0
Ratio: 98.49
C 93.57
Data has been saved to generelization/ER_200/MaxCover/data/Facebook/MCTSPruner+GNNPruner+GuidedMCTS
**********
Starting Multi-Budget Analysis
Evaluating heuristic for budget: 1
MCTS Pruning Performance:
Effectiveness Ratio: 100.0%
Evaluating heuristic for budget: 10
MCTS Pruning Performance:
Effectiveness Ratio: 100.0%
Evaluating heuristic for budget: 25
MCTS Pruning Performance:
Effectiveness Ratio: 99.9694%
Evaluating heuristic for budget: 50
MCTS Pruning Performance:
Effectiveness Ratio: 99.6033%
Evaluating heuristic for budget: 75
MCTS Pruning Performance:
Effectiveness Ratio: 98.9962%
Evaluating heuristic for budget: 100
MCTS Pruning Performance:
Effectiveness Ratio: 98.4901%
    Dataset  Budget     Ratio
0  Facebook       1  1.000000
1  Facebook      10  1.000000
2  Facebook      25  0.999694
3  Facebook      50  0.996033
4  Facebook      75  0.989962
5  Facebook     100  0.984901
Data has been saved to MaxCover_multibudget/data/Facebook/MCTSPruner
/home/grads/a/anath/anaconda3/envs/eco_dqn/lib/python3.10/site-packages/torch/_utils.py:776: UserWarning: TypedStorage is deprecated. It will be removed in the future and UntypedStorage will be the only storage class. This should only matter to you if you are using storages directly.  To access UntypedStorage directly, use tensor.untyped_storage() instead of tensor.storage()
  return self.fget.__get__(instance, owner)()
Solving MaxCover for Wiki Budget 100 Depth 50 with train_dist ER_200
Data has been loaded from ../snap_dataset/test/Wiki
Performance of GCNPruner
Size Constraint,k: 100
Size of Ground Set,|U|: 6358
Size of Pruned Ground Set, |Upruned|: 869
Pg(%): 86.33
Ratio: 100.0
C 86.33
Data has been saved to generelization/ER_200/MaxCover/data/Wiki/GNNPruner
**********
Time elpased to create the game 0.143
Restarting MCTS
Restarting MCTS
Restarting MCTS
Restarting MCTS
time elapsed to pruned 51.90886735916138
Total time to prune 53.62228322029114
Elapsed time (unpruned): 0.0295
Elapsed time (pruned): 0.0093
**********
Performance of MCTSPruner
Size Constraint,k: 100
Size of Ground Set,|U|: 6358
Size of Pruned Ground Set, |Upruned|: 250
Pg(%): 96.07
Ratio: 99.69
C 95.77
Data has been saved to generelization/ER_200/MaxCover/data/Wiki/MCTSPruner+GNNPruner
**********
Pruned universe from GNN is given
Action mask length in MCTS: 869
Time elpased to create the game 0.0109
time elapsed to pruned 51.57548236846924
Total time to prune 105.23825860023499
Elapsed time (unpruned): 0.0293
Elapsed time (pruned): 0.0092
**********
Performance of MCTSPruner+GNNPruner+GuidedMCTS
Size Constraint,k: 100
Size of Ground Set,|U|: 6358
Size of Pruned Ground Set, |Upruned|: 250
Pg(%): 96.07
Ratio: 99.69
C 95.77
Data has been saved to generelization/ER_200/MaxCover/data/Wiki/MCTSPruner+GNNPruner+GuidedMCTS
**********
Starting Multi-Budget Analysis
Evaluating heuristic for budget: 1
MCTS Pruning Performance:
Effectiveness Ratio: 100.0%
Evaluating heuristic for budget: 10
MCTS Pruning Performance:
Effectiveness Ratio: 100.0%
Evaluating heuristic for budget: 25
MCTS Pruning Performance:
Effectiveness Ratio: 100.0%
Evaluating heuristic for budget: 50
MCTS Pruning Performance:
Effectiveness Ratio: 100.0%
Evaluating heuristic for budget: 75
MCTS Pruning Performance:
Effectiveness Ratio: 99.8712%
Evaluating heuristic for budget: 100
MCTS Pruning Performance:
Effectiveness Ratio: 99.6858%
  Dataset  Budget     Ratio
0    Wiki       1  1.000000
1    Wiki      10  1.000000
2    Wiki      25  1.000000
3    Wiki      50  1.000000
4    Wiki      75  0.998712
5    Wiki     100  0.996858
Data has been saved to MaxCover_multibudget/data/Wiki/MCTSPruner
/home/grads/a/anath/anaconda3/envs/eco_dqn/lib/python3.10/site-packages/torch/_utils.py:776: UserWarning: TypedStorage is deprecated. It will be removed in the future and UntypedStorage will be the only storage class. This should only matter to you if you are using storages directly.  To access UntypedStorage directly, use tensor.untyped_storage() instead of tensor.storage()
  return self.fget.__get__(instance, owner)()
Solving MaxCover for Deezer Budget 100 Depth 50 with train_dist ER_200
Data has been loaded from ../snap_dataset/test/Deezer
Performance of GCNPruner
Size Constraint,k: 100
Size of Ground Set,|U|: 53511
Size of Pruned Ground Set, |Upruned|: 12711
Pg(%): 76.25
Ratio: 100.0
C 76.25
Data has been saved to generelization/ER_200/MaxCover/data/Deezer/GNNPruner
**********
Time elpased to create the game 1.1637
Restarting MCTS
Restarting MCTS
Restarting MCTS
Restarting MCTS
time elapsed to pruned 74.34227418899536
Total time to prune 82.64238500595093
Elapsed time (unpruned): 0.1761
Elapsed time (pruned): 0.0139
**********
Performance of MCTSPruner
Size Constraint,k: 100
Size of Ground Set,|U|: 53511
Size of Pruned Ground Set, |Upruned|: 250
Pg(%): 99.53
Ratio: 99.72
C 99.25
Data has been saved to generelization/ER_200/MaxCover/data/Deezer/MCTSPruner+GNNPruner
**********
Pruned universe from GNN is given
Action mask length in MCTS: 12711
Time elpased to create the game 0.0167
time elapsed to pruned 73.4190354347229
Total time to prune 156.25433683395386
Elapsed time (unpruned): 0.1814
Elapsed time (pruned): 0.0136
**********
Performance of MCTSPruner+GNNPruner+GuidedMCTS
Size Constraint,k: 100
Size of Ground Set,|U|: 53511
Size of Pruned Ground Set, |Upruned|: 250
Pg(%): 99.53
Ratio: 99.72
C 99.25
Data has been saved to generelization/ER_200/MaxCover/data/Deezer/MCTSPruner+GNNPruner+GuidedMCTS
**********
Starting Multi-Budget Analysis
Evaluating heuristic for budget: 1
MCTS Pruning Performance:
Effectiveness Ratio: 100.0%
Evaluating heuristic for budget: 10
MCTS Pruning Performance:
Effectiveness Ratio: 100.0%
Evaluating heuristic for budget: 25
MCTS Pruning Performance:
Effectiveness Ratio: 100.0%
Evaluating heuristic for budget: 50
MCTS Pruning Performance:
Effectiveness Ratio: 99.9062%
Evaluating heuristic for budget: 75
MCTS Pruning Performance:
Effectiveness Ratio: 99.9562%
Evaluating heuristic for budget: 100
MCTS Pruning Performance:
Effectiveness Ratio: 99.7181%
  Dataset  Budget     Ratio
0  Deezer       1  1.000000
1  Deezer      10  1.000000
2  Deezer      25  1.000000
3  Deezer      50  0.999062
4  Deezer      75  0.999562
5  Deezer     100  0.997181
Data has been saved to MaxCover_multibudget/data/Deezer/MCTSPruner
/home/grads/a/anath/anaconda3/envs/eco_dqn/lib/python3.10/site-packages/torch/_utils.py:776: UserWarning: TypedStorage is deprecated. It will be removed in the future and UntypedStorage will be the only storage class. This should only matter to you if you are using storages directly.  To access UntypedStorage directly, use tensor.untyped_storage() instead of tensor.storage()
  return self.fget.__get__(instance, owner)()
Solving MaxCover for DBLP Budget 100 Depth 50 with train_dist ER_200
Data has been loaded from ../snap_dataset/test/DBLP
Performance of GCNPruner
Size Constraint,k: 100
Size of Ground Set,|U|: 315305
Size of Pruned Ground Set, |Upruned|: 66252
Pg(%): 78.99000000000001
Ratio: 100.0
C 78.99000000000001
Data has been saved to generelization/ER_200/MaxCover/data/DBLP/GNNPruner
**********
Time elpased to create the game 5.921
Restarting MCTS
Restarting MCTS
Restarting MCTS
time elapsed to pruned 127.22324991226196
Total time to prune 155.8609275817871
Elapsed time (unpruned): 0.8887
Elapsed time (pruned): 0.0222
**********
Performance of MCTSPruner
Size Constraint,k: 100
Size of Ground Set,|U|: 315305
Size of Pruned Ground Set, |Upruned|: 200
Pg(%): 99.94
Ratio: 96.94
C 96.88
Data has been saved to generelization/ER_200/MaxCover/data/DBLP/MCTSPruner+GNNPruner
**********
Pruned universe from GNN is given
Action mask length in MCTS: 66252
Time elpased to create the game 0.0368
time elapsed to pruned 122.88145160675049
Total time to prune 279.6678864955902
Elapsed time (unpruned): 0.8766
Elapsed time (pruned): 0.0222
**********
Performance of MCTSPruner+GNNPruner+GuidedMCTS
Size Constraint,k: 100
Size of Ground Set,|U|: 315305
Size of Pruned Ground Set, |Upruned|: 200
Pg(%): 99.94
Ratio: 96.94
C 96.88
Data has been saved to generelization/ER_200/MaxCover/data/DBLP/MCTSPruner+GNNPruner+GuidedMCTS
**********
Starting Multi-Budget Analysis
Evaluating heuristic for budget: 1
MCTS Pruning Performance:
Effectiveness Ratio: 100.0%
Evaluating heuristic for budget: 10
MCTS Pruning Performance:
Effectiveness Ratio: 98.0761%
Evaluating heuristic for budget: 25
MCTS Pruning Performance:
Effectiveness Ratio: 98.1515%
Evaluating heuristic for budget: 50
MCTS Pruning Performance:
Effectiveness Ratio: 97.7521%
Evaluating heuristic for budget: 75
MCTS Pruning Performance:
Effectiveness Ratio: 97.5644%
Evaluating heuristic for budget: 100
MCTS Pruning Performance:
Effectiveness Ratio: 96.9415%
  Dataset  Budget     Ratio
0    DBLP       1  1.000000
1    DBLP      10  0.980761
2    DBLP      25  0.981515
3    DBLP      50  0.977521
4    DBLP      75  0.975644
5    DBLP     100  0.969415
Data has been saved to MaxCover_multibudget/data/DBLP/MCTSPruner
/home/grads/a/anath/anaconda3/envs/eco_dqn/lib/python3.10/site-packages/torch/_utils.py:776: UserWarning: TypedStorage is deprecated. It will be removed in the future and UntypedStorage will be the only storage class. This should only matter to you if you are using storages directly.  To access UntypedStorage directly, use tensor.untyped_storage() instead of tensor.storage()
  return self.fget.__get__(instance, owner)()
Solving MaxCover for Slashdot Budget 100 Depth 50 with train_dist ER_200
Data has been loaded from ../snap_dataset/test/Slashdot
Performance of GCNPruner
Size Constraint,k: 100
Size of Ground Set,|U|: 67640
Size of Pruned Ground Set, |Upruned|: 9693
Pg(%): 85.67
Ratio: 100.0
C 85.67
Data has been saved to generelization/ER_200/MaxCover/data/Slashdot/GNNPruner
**********
Time elpased to create the game 0.9045
Restarting MCTS
Restarting MCTS
Restarting MCTS
time elapsed to pruned 135.69729161262512
Total time to prune 143.709321975708
Elapsed time (unpruned): 0.2457
Elapsed time (pruned): 0.0316
**********
Performance of MCTSPruner
Size Constraint,k: 100
Size of Ground Set,|U|: 67640
Size of Pruned Ground Set, |Upruned|: 200
Pg(%): 99.7
Ratio: 99.0
C 98.71
Data has been saved to generelization/ER_200/MaxCover/data/Slashdot/MCTSPruner+GNNPruner
**********
Pruned universe from GNN is given
Action mask length in MCTS: 9693
Time elpased to create the game 0.035
time elapsed to pruned 135.5001757144928
Total time to prune 279.49028849601746
Elapsed time (unpruned): 0.2545
Elapsed time (pruned): 0.0324
**********
Performance of MCTSPruner+GNNPruner+GuidedMCTS
Size Constraint,k: 100
Size of Ground Set,|U|: 67640
Size of Pruned Ground Set, |Upruned|: 200
Pg(%): 99.7
Ratio: 99.0
C 98.71
Data has been saved to generelization/ER_200/MaxCover/data/Slashdot/MCTSPruner+GNNPruner+GuidedMCTS
**********
Starting Multi-Budget Analysis
Evaluating heuristic for budget: 1
MCTS Pruning Performance:
Effectiveness Ratio: 100.0%
Evaluating heuristic for budget: 10
MCTS Pruning Performance:
Effectiveness Ratio: 100.0%
Evaluating heuristic for budget: 25
MCTS Pruning Performance:
Effectiveness Ratio: 100.0%
Evaluating heuristic for budget: 50
MCTS Pruning Performance:
Effectiveness Ratio: 100.0%
Evaluating heuristic for budget: 75
MCTS Pruning Performance:
Effectiveness Ratio: 99.8225%
Evaluating heuristic for budget: 100
MCTS Pruning Performance:
Effectiveness Ratio: 99.0013%
    Dataset  Budget     Ratio
0  Slashdot       1  1.000000
1  Slashdot      10  1.000000
2  Slashdot      25  1.000000
3  Slashdot      50  1.000000
4  Slashdot      75  0.998225
5  Slashdot     100  0.990013
Data has been saved to MaxCover_multibudget/data/Slashdot/MCTSPruner
/home/grads/a/anath/anaconda3/envs/eco_dqn/lib/python3.10/site-packages/torch/_utils.py:776: UserWarning: TypedStorage is deprecated. It will be removed in the future and UntypedStorage will be the only storage class. This should only matter to you if you are using storages directly.  To access UntypedStorage directly, use tensor.untyped_storage() instead of tensor.storage()
  return self.fget.__get__(instance, owner)()
Solving MaxCover for Twitter Budget 100 Depth 50 with train_dist ER_200
Data has been loaded from ../snap_dataset/test/Twitter
Performance of GCNPruner
Size Constraint,k: 100
Size of Ground Set,|U|: 80712
Size of Pruned Ground Set, |Upruned|: 11963
Pg(%): 85.18
Ratio: 100.0
C 85.18
Data has been saved to generelization/ER_200/MaxCover/data/Twitter/GNNPruner
**********
Time elpased to create the game 3.7139
Restarting MCTS
Restarting MCTS
Restarting MCTS
Restarting MCTS
time elapsed to pruned 465.7895998954773
Total time to prune 492.86190581321716
Elapsed time (unpruned): 0.4305
Elapsed time (pruned): 0.096
**********
Performance of MCTSPruner
Size Constraint,k: 100
Size of Ground Set,|U|: 80712
Size of Pruned Ground Set, |Upruned|: 250
Pg(%): 99.69
Ratio: 97.17
C 96.87
Data has been saved to generelization/ER_200/MaxCover/data/Twitter/MCTSPruner+GNNPruner
**********
Pruned universe from GNN is given
Action mask length in MCTS: 11963
Time elpased to create the game 0.1005
time elapsed to pruned 465.11918115615845
Total time to prune 958.512209892273
Elapsed time (unpruned): 0.4243
Elapsed time (pruned): 0.096
**********
Performance of MCTSPruner+GNNPruner+GuidedMCTS
Size Constraint,k: 100
Size of Ground Set,|U|: 80712
Size of Pruned Ground Set, |Upruned|: 250
Pg(%): 99.69
Ratio: 97.17
C 96.87
Data has been saved to generelization/ER_200/MaxCover/data/Twitter/MCTSPruner+GNNPruner+GuidedMCTS
**********
Starting Multi-Budget Analysis
Evaluating heuristic for budget: 1
MCTS Pruning Performance:
Effectiveness Ratio: 100.0%
Evaluating heuristic for budget: 10
MCTS Pruning Performance:
Effectiveness Ratio: 100.0%
Evaluating heuristic for budget: 25
MCTS Pruning Performance:
Effectiveness Ratio: 100.0%
Evaluating heuristic for budget: 50
MCTS Pruning Performance:
Effectiveness Ratio: 99.5741%
Evaluating heuristic for budget: 75
MCTS Pruning Performance:
Effectiveness Ratio: 98.7918%
Evaluating heuristic for budget: 100
MCTS Pruning Performance:
Effectiveness Ratio: 97.1736%
   Dataset  Budget     Ratio
0  Twitter       1  1.000000
1  Twitter      10  1.000000
2  Twitter      25  1.000000
3  Twitter      50  0.995741
4  Twitter      75  0.987918
5  Twitter     100  0.971736
Data has been saved to MaxCover_multibudget/data/Twitter/MCTSPruner
/home/grads/a/anath/anaconda3/envs/eco_dqn/lib/python3.10/site-packages/torch/_utils.py:776: UserWarning: TypedStorage is deprecated. It will be removed in the future and UntypedStorage will be the only storage class. This should only matter to you if you are using storages directly.  To access UntypedStorage directly, use tensor.untyped_storage() instead of tensor.storage()
  return self.fget.__get__(instance, owner)()
Solving MaxCover for YouTube Budget 100 Depth 50 with train_dist ER_200
Data has been loaded from ../snap_dataset/test/YouTube
Performance of GCNPruner
Size Constraint,k: 100
Size of Ground Set,|U|: 1098104
Size of Pruned Ground Set, |Upruned|: 171583
Pg(%): 84.37
Ratio: 100.0
C 84.37
Data has been saved to generelization/ER_200/MaxCover/data/YouTube/GNNPruner
**********
Time elpased to create the game 21.9099
Restarting MCTS
Restarting MCTS
Restarting MCTS
time elapsed to pruned 1274.9753093719482
Total time to prune 1368.7616357803345
Elapsed time (unpruned): 3.9391
Elapsed time (pruned): 0.4073
**********
Performance of MCTSPruner
Size Constraint,k: 100
Size of Ground Set,|U|: 1098104
Size of Pruned Ground Set, |Upruned|: 200
Pg(%): 99.98
Ratio: 99.66000000000001
C 99.65
Data has been saved to generelization/ER_200/MaxCover/data/YouTube/MCTSPruner+GNNPruner
**********
Pruned universe from GNN is given
Action mask length in MCTS: 171583
Time elpased to create the game 0.4347
time elapsed to pruned 1267.0317537784576
Total time to prune 2640.1673097610474
Elapsed time (unpruned): 3.8493
Elapsed time (pruned): 0.3862
**********
Performance of MCTSPruner+GNNPruner+GuidedMCTS
Size Constraint,k: 100
Size of Ground Set,|U|: 1098104
Size of Pruned Ground Set, |Upruned|: 200
Pg(%): 99.98
Ratio: 99.66000000000001
C 99.65
Data has been saved to generelization/ER_200/MaxCover/data/YouTube/MCTSPruner+GNNPruner+GuidedMCTS
**********
Starting Multi-Budget Analysis
Evaluating heuristic for budget: 1
MCTS Pruning Performance:
Effectiveness Ratio: 100.0%
Evaluating heuristic for budget: 10
MCTS Pruning Performance:
Effectiveness Ratio: 100.0%
Evaluating heuristic for budget: 25
MCTS Pruning Performance:
Effectiveness Ratio: 100.0%
Evaluating heuristic for budget: 50
MCTS Pruning Performance:
Effectiveness Ratio: 99.9813%
Evaluating heuristic for budget: 75
MCTS Pruning Performance:
Effectiveness Ratio: 99.865%
Evaluating heuristic for budget: 100
MCTS Pruning Performance:
Effectiveness Ratio: 99.6639%
   Dataset  Budget     Ratio
0  YouTube       1  1.000000
1  YouTube      10  1.000000
2  YouTube      25  1.000000
3  YouTube      50  0.999813
4  YouTube      75  0.998650
5  YouTube     100  0.996639
Data has been saved to MaxCover_multibudget/data/YouTube/MCTSPruner
/home/grads/a/anath/anaconda3/envs/eco_dqn/lib/python3.10/site-packages/torch/_utils.py:776: UserWarning: TypedStorage is deprecated. It will be removed in the future and UntypedStorage will be the only storage class. This should only matter to you if you are using storages directly.  To access UntypedStorage directly, use tensor.untyped_storage() instead of tensor.storage()
  return self.fget.__get__(instance, owner)()
Solving MaxCover for Skitter Budget 100 Depth 50 with train_dist ER_200
Data has been loaded from ../snap_dataset/test/Skitter
Performance of GCNPruner
Size Constraint,k: 100
Size of Ground Set,|U|: 1694318
Size of Pruned Ground Set, |Upruned|: 233018
Pg(%): 86.25
Ratio: 100.0
C 86.25
Data has been saved to generelization/ER_200/MaxCover/data/Skitter/GNNPruner
**********
Time elpased to create the game 65.5989
Restarting MCTS
Restarting MCTS
Restarting MCTS
Restarting MCTS
time elapsed to pruned 5029.268116235733
Total time to prune 5356.108242988586
Elapsed time (unpruned): 7.3491
Elapsed time (pruned): 1.2127
**********
Performance of MCTSPruner
Size Constraint,k: 100
Size of Ground Set,|U|: 1694318
Size of Pruned Ground Set, |Upruned|: 250
Pg(%): 99.99
Ratio: 95.91
C 95.89999999999999
Data has been saved to generelization/ER_200/MaxCover/data/Skitter/MCTSPruner+GNNPruner
**********
Pruned universe from GNN is given
Action mask length in MCTS: 233018
Time elpased to create the game 1.266
time elapsed to pruned 4963.59175491333
Total time to prune 10328.315224647522
Elapsed time (unpruned): 7.1137
Elapsed time (pruned): 1.2134
**********
Performance of MCTSPruner+GNNPruner+GuidedMCTS
Size Constraint,k: 100
Size of Ground Set,|U|: 1694318
Size of Pruned Ground Set, |Upruned|: 250
Pg(%): 99.99
Ratio: 95.91
C 95.89999999999999
Data has been saved to generelization/ER_200/MaxCover/data/Skitter/MCTSPruner+GNNPruner+GuidedMCTS
**********
Starting Multi-Budget Analysis
Evaluating heuristic for budget: 1
MCTS Pruning Performance:
Effectiveness Ratio: 100.0%
Evaluating heuristic for budget: 10
MCTS Pruning Performance:
Effectiveness Ratio: 100.0%
Evaluating heuristic for budget: 25
MCTS Pruning Performance:
Effectiveness Ratio: 99.6804%
Evaluating heuristic for budget: 50
MCTS Pruning Performance:
Effectiveness Ratio: 98.5068%
Evaluating heuristic for budget: 75
MCTS Pruning Performance:
Effectiveness Ratio: 97.0831%
Evaluating heuristic for budget: 100
MCTS Pruning Performance:
Effectiveness Ratio: 95.9092%
   Dataset  Budget     Ratio
0  Skitter       1  1.000000
1  Skitter      10  1.000000
2  Skitter      25  0.996804
3  Skitter      50  0.985068
4  Skitter      75  0.970831
5  Skitter     100  0.959092
Data has been saved to MaxCover_multibudget/data/Skitter/MCTSPruner
/home/grads/a/anath/anaconda3/envs/eco_dqn/lib/python3.10/site-packages/torch/_utils.py:776: UserWarning: TypedStorage is deprecated. It will be removed in the future and UntypedStorage will be the only storage class. This should only matter to you if you are using storages directly.  To access UntypedStorage directly, use tensor.untyped_storage() instead of tensor.storage()
  return self.fget.__get__(instance, owner)()
Solving MaxCut for Facebook Budget 100 Depth 50 with train_dist ER_200
Data has been loaded from ../snap_dataset/test/Facebook
Performance of GCNPruner
Size Constraint,k: 100
Size of Ground Set,|U|: 4002
Size of Pruned Ground Set, |Upruned|: 940
Pg(%): 76.51
Ratio: 100.0
C 76.51
Data has been saved to generelization/ER_200/MaxCut/data/Facebook/GNNPruner
**********
Time elpased to create the game 0.0949
Restarting MCTS
Restarting MCTS
Restarting MCTS
Restarting MCTS
Restarting MCTS
Restarting MCTS
Restarting MCTS
time elapsed to pruned 22.026481866836548
Total time to prune 23.52213478088379
Elapsed time (unpruned): 0.0166
Elapsed time (pruned): 0.002
**********
Performance of MCTSPruner
Size Constraint,k: 100
Size of Ground Set,|U|: 4002
Size of Pruned Ground Set, |Upruned|: 400
Pg(%): 90.0
Ratio: 97.6
C 87.85
Data has been saved to generelization/ER_200/MaxCut/data/Facebook/MCTSPruner+GNNPruner
**********
Pruned universe from GNN is given
Action mask length in MCTS: 940
Time elpased to create the game 0.0044
time elapsed to pruned 22.057199001312256
Total time to prune 45.6003155708313
Elapsed time (unpruned): 0.0133
Elapsed time (pruned): 0.002
**********
Performance of MCTSPruner+GNNPruner+GuidedMCTS
Size Constraint,k: 100
Size of Ground Set,|U|: 4002
Size of Pruned Ground Set, |Upruned|: 400
Pg(%): 90.0
Ratio: 97.66
C 87.89
Data has been saved to generelization/ER_200/MaxCut/data/Facebook/MCTSPruner+GNNPruner+GuidedMCTS
**********
Starting Multi-Budget Analysis
Evaluating heuristic for budget: 1
MCTS Pruning Performance:
Effectiveness Ratio: 100.0%
Evaluating heuristic for budget: 10
MCTS Pruning Performance:
Effectiveness Ratio: 100.0%
Evaluating heuristic for budget: 25
MCTS Pruning Performance:
Effectiveness Ratio: 100.0%
Evaluating heuristic for budget: 50
MCTS Pruning Performance:
Effectiveness Ratio: 99.6872%
Evaluating heuristic for budget: 75
MCTS Pruning Performance:
Effectiveness Ratio: 98.7858%
Evaluating heuristic for budget: 100
MCTS Pruning Performance:
Effectiveness Ratio: 97.6557%
    Dataset  Budget     Ratio
0  Facebook       1  1.000000
1  Facebook      10  1.000000
2  Facebook      25  1.000000
3  Facebook      50  0.996872
4  Facebook      75  0.987858
5  Facebook     100  0.976557
Data has been saved to MaxCut_multibudget/data/Facebook/MCTSPruner
/home/grads/a/anath/anaconda3/envs/eco_dqn/lib/python3.10/site-packages/torch/_utils.py:776: UserWarning: TypedStorage is deprecated. It will be removed in the future and UntypedStorage will be the only storage class. This should only matter to you if you are using storages directly.  To access UntypedStorage directly, use tensor.untyped_storage() instead of tensor.storage()
  return self.fget.__get__(instance, owner)()
Solving MaxCut for Wiki Budget 100 Depth 50 with train_dist ER_200
Data has been loaded from ../snap_dataset/test/Wiki
Performance of GCNPruner
Size Constraint,k: 100
Size of Ground Set,|U|: 6358
Size of Pruned Ground Set, |Upruned|: 863
Pg(%): 86.42999999999999
Ratio: 100.0
C 86.42999999999999
Data has been saved to generelization/ER_200/MaxCut/data/Wiki/GNNPruner
**********
Time elpased to create the game 0.1409
Restarting MCTS
Restarting MCTS
Restarting MCTS
time elapsed to pruned 13.293401956558228
Total time to prune 14.97728157043457
Elapsed time (unpruned): 0.0206
Elapsed time (pruned): 0.0021
**********
Performance of MCTSPruner
Size Constraint,k: 100
Size of Ground Set,|U|: 6358
Size of Pruned Ground Set, |Upruned|: 200
Pg(%): 96.85000000000001
Ratio: 99.77000000000001
C 96.63000000000001
Data has been saved to generelization/ER_200/MaxCut/data/Wiki/MCTSPruner+GNNPruner
**********
Pruned universe from GNN is given
Action mask length in MCTS: 863
Time elpased to create the game 0.0048
time elapsed to pruned 13.229758024215698
Total time to prune 28.232415676116943
Elapsed time (unpruned): 0.0206
Elapsed time (pruned): 0.0021
**********
Performance of MCTSPruner+GNNPruner+GuidedMCTS
Size Constraint,k: 100
Size of Ground Set,|U|: 6358
Size of Pruned Ground Set, |Upruned|: 200
Pg(%): 96.85000000000001
Ratio: 99.77000000000001
C 96.63000000000001
Data has been saved to generelization/ER_200/MaxCut/data/Wiki/MCTSPruner+GNNPruner+GuidedMCTS
**********
Starting Multi-Budget Analysis
Evaluating heuristic for budget: 1
MCTS Pruning Performance:
Effectiveness Ratio: 100.0%
Evaluating heuristic for budget: 10
MCTS Pruning Performance:
Effectiveness Ratio: 100.0%
Evaluating heuristic for budget: 25
MCTS Pruning Performance:
Effectiveness Ratio: 100.0%
Evaluating heuristic for budget: 50
MCTS Pruning Performance:
Effectiveness Ratio: 100.0%
Evaluating heuristic for budget: 75
MCTS Pruning Performance:
Effectiveness Ratio: 99.9891%
Evaluating heuristic for budget: 100
MCTS Pruning Performance:
Effectiveness Ratio: 99.7663%
  Dataset  Budget     Ratio
0    Wiki       1  1.000000
1    Wiki      10  1.000000
2    Wiki      25  1.000000
3    Wiki      50  1.000000
4    Wiki      75  0.999891
5    Wiki     100  0.997663
Data has been saved to MaxCut_multibudget/data/Wiki/MCTSPruner
/home/grads/a/anath/anaconda3/envs/eco_dqn/lib/python3.10/site-packages/torch/_utils.py:776: UserWarning: TypedStorage is deprecated. It will be removed in the future and UntypedStorage will be the only storage class. This should only matter to you if you are using storages directly.  To access UntypedStorage directly, use tensor.untyped_storage() instead of tensor.storage()
  return self.fget.__get__(instance, owner)()
Solving MaxCut for Deezer Budget 100 Depth 50 with train_dist ER_200
Data has been loaded from ../snap_dataset/test/Deezer
Performance of GCNPruner
Size Constraint,k: 100
Size of Ground Set,|U|: 53511
Size of Pruned Ground Set, |Upruned|: 13168
Pg(%): 75.39
Ratio: 100.0
C 75.39
Data has been saved to generelization/ER_200/MaxCut/data/Deezer/GNNPruner
**********
Time elpased to create the game 1.1778
Restarting MCTS
Restarting MCTS
Restarting MCTS
Restarting MCTS
time elapsed to pruned 40.41968655586243
Total time to prune 48.725098609924316
Elapsed time (unpruned): 0.1558
Elapsed time (pruned): 0.0029
**********
Performance of MCTSPruner
Size Constraint,k: 100
Size of Ground Set,|U|: 53511
Size of Pruned Ground Set, |Upruned|: 250
Pg(%): 99.53
Ratio: 99.79
C 99.32
Data has been saved to generelization/ER_200/MaxCut/data/Deezer/MCTSPruner+GNNPruner
**********
Pruned universe from GNN is given
Action mask length in MCTS: 13168
Time elpased to create the game 0.0229
time elapsed to pruned 39.93055820465088
Total time to prune 88.83438491821289
Elapsed time (unpruned): 0.1575
Elapsed time (pruned): 0.0029
**********
Performance of MCTSPruner+GNNPruner+GuidedMCTS
Size Constraint,k: 100
Size of Ground Set,|U|: 53511
Size of Pruned Ground Set, |Upruned|: 250
Pg(%): 99.53
Ratio: 99.79
C 99.32
Data has been saved to generelization/ER_200/MaxCut/data/Deezer/MCTSPruner+GNNPruner+GuidedMCTS
**********
Starting Multi-Budget Analysis
Evaluating heuristic for budget: 1
MCTS Pruning Performance:
Effectiveness Ratio: 100.0%
Evaluating heuristic for budget: 10
MCTS Pruning Performance:
Effectiveness Ratio: 100.0%
Evaluating heuristic for budget: 25
MCTS Pruning Performance:
Effectiveness Ratio: 100.0%
Evaluating heuristic for budget: 50
MCTS Pruning Performance:
Effectiveness Ratio: 100.0%
Evaluating heuristic for budget: 75
MCTS Pruning Performance:
Effectiveness Ratio: 99.9673%
Evaluating heuristic for budget: 100
MCTS Pruning Performance:
Effectiveness Ratio: 99.7898%
  Dataset  Budget     Ratio
0  Deezer       1  1.000000
1  Deezer      10  1.000000
2  Deezer      25  1.000000
3  Deezer      50  1.000000
4  Deezer      75  0.999673
5  Deezer     100  0.997898
Data has been saved to MaxCut_multibudget/data/Deezer/MCTSPruner
/home/grads/a/anath/anaconda3/envs/eco_dqn/lib/python3.10/site-packages/torch/_utils.py:776: UserWarning: TypedStorage is deprecated. It will be removed in the future and UntypedStorage will be the only storage class. This should only matter to you if you are using storages directly.  To access UntypedStorage directly, use tensor.untyped_storage() instead of tensor.storage()
  return self.fget.__get__(instance, owner)()
Solving MaxCut for DBLP Budget 100 Depth 50 with train_dist ER_200
Data has been loaded from ../snap_dataset/test/DBLP
Performance of GCNPruner
Size Constraint,k: 100
Size of Ground Set,|U|: 315305
Size of Pruned Ground Set, |Upruned|: 63891
Pg(%): 79.74
Ratio: 100.0
C 79.74
Data has been saved to generelization/ER_200/MaxCut/data/DBLP/GNNPruner
**********
Time elpased to create the game 6.8671
Restarting MCTS
Restarting MCTS
Restarting MCTS
Restarting MCTS
Restarting MCTS
time elapsed to pruned 175.45956826210022
Total time to prune 206.57959365844727
Elapsed time (unpruned): 0.9325
Elapsed time (pruned): 0.0122
**********
Performance of MCTSPruner
Size Constraint,k: 100
Size of Ground Set,|U|: 315305
Size of Pruned Ground Set, |Upruned|: 300
Pg(%): 99.9
Ratio: 96.41999999999999
C 96.33
Data has been saved to generelization/ER_200/MaxCut/data/DBLP/MCTSPruner+GNNPruner
**********
Pruned universe from GNN is given
Action mask length in MCTS: 63891
Time elpased to create the game 0.1202
time elapsed to pruned 171.05467820167542
Total time to prune 378.6871440410614
Elapsed time (unpruned): 0.8973
Elapsed time (pruned): 0.013
**********
Performance of MCTSPruner+GNNPruner+GuidedMCTS
Size Constraint,k: 100
Size of Ground Set,|U|: 315305
Size of Pruned Ground Set, |Upruned|: 300
Pg(%): 99.9
Ratio: 96.41999999999999
C 96.33
Data has been saved to generelization/ER_200/MaxCut/data/DBLP/MCTSPruner+GNNPruner+GuidedMCTS
**********
Starting Multi-Budget Analysis
Evaluating heuristic for budget: 1
MCTS Pruning Performance:
Effectiveness Ratio: 100.0%
Evaluating heuristic for budget: 10
MCTS Pruning Performance:
Effectiveness Ratio: 98.2428%
Evaluating heuristic for budget: 25
MCTS Pruning Performance:
Effectiveness Ratio: 97.3008%
Evaluating heuristic for budget: 50
MCTS Pruning Performance:
Effectiveness Ratio: 97.0438%
Evaluating heuristic for budget: 75
MCTS Pruning Performance:
Effectiveness Ratio: 96.8681%
Evaluating heuristic for budget: 100
MCTS Pruning Performance:
Effectiveness Ratio: 96.424%
  Dataset  Budget     Ratio
0    DBLP       1  1.000000
1    DBLP      10  0.982428
2    DBLP      25  0.973008
3    DBLP      50  0.970438
4    DBLP      75  0.968681
5    DBLP     100  0.964240
Data has been saved to MaxCut_multibudget/data/DBLP/MCTSPruner
/home/grads/a/anath/anaconda3/envs/eco_dqn/lib/python3.10/site-packages/torch/_utils.py:776: UserWarning: TypedStorage is deprecated. It will be removed in the future and UntypedStorage will be the only storage class. This should only matter to you if you are using storages directly.  To access UntypedStorage directly, use tensor.untyped_storage() instead of tensor.storage()
  return self.fget.__get__(instance, owner)()
Solving MaxCut for Slashdot Budget 100 Depth 50 with train_dist ER_200
Data has been loaded from ../snap_dataset/test/Slashdot
Performance of GCNPruner
Size Constraint,k: 100
Size of Ground Set,|U|: 67640
Size of Pruned Ground Set, |Upruned|: 8893
Pg(%): 86.85000000000001
Ratio: 100.0
C 86.85000000000001
Data has been saved to generelization/ER_200/MaxCut/data/Slashdot/GNNPruner
**********
Time elpased to create the game 1.3218
Restarting MCTS
Restarting MCTS
Restarting MCTS
time elapsed to pruned 39.691842555999756
Total time to prune 48.08142828941345
Elapsed time (unpruned): 0.2055
Elapsed time (pruned): 0.0043
**********
Performance of MCTSPruner
Size Constraint,k: 100
Size of Ground Set,|U|: 67640
Size of Pruned Ground Set, |Upruned|: 200
Pg(%): 99.7
Ratio: 99.99
C 99.7
Data has been saved to generelization/ER_200/MaxCut/data/Slashdot/MCTSPruner+GNNPruner
**********
Pruned universe from GNN is given
Action mask length in MCTS: 8893
Time elpased to create the game 0.0225
time elapsed to pruned 39.49291157722473
Total time to prune 87.802419424057
Elapsed time (unpruned): 0.2036
Elapsed time (pruned): 0.0044
**********
Performance of MCTSPruner+GNNPruner+GuidedMCTS
Size Constraint,k: 100
Size of Ground Set,|U|: 67640
Size of Pruned Ground Set, |Upruned|: 200
Pg(%): 99.7
Ratio: 99.99
C 99.7
Data has been saved to generelization/ER_200/MaxCut/data/Slashdot/MCTSPruner+GNNPruner+GuidedMCTS
**********
Starting Multi-Budget Analysis
Evaluating heuristic for budget: 1
MCTS Pruning Performance:
Effectiveness Ratio: 100.0%
Evaluating heuristic for budget: 10
MCTS Pruning Performance:
Effectiveness Ratio: 100.0%
Evaluating heuristic for budget: 25
MCTS Pruning Performance:
Effectiveness Ratio: 100.0%
Evaluating heuristic for budget: 50
MCTS Pruning Performance:
Effectiveness Ratio: 100.0%
Evaluating heuristic for budget: 75
MCTS Pruning Performance:
Effectiveness Ratio: 100.0%
Evaluating heuristic for budget: 100
MCTS Pruning Performance:
Effectiveness Ratio: 99.9932%
    Dataset  Budget     Ratio
0  Slashdot       1  1.000000
1  Slashdot      10  1.000000
2  Slashdot      25  1.000000
3  Slashdot      50  1.000000
4  Slashdot      75  1.000000
5  Slashdot     100  0.999932
Data has been saved to MaxCut_multibudget/data/Slashdot/MCTSPruner
/home/grads/a/anath/anaconda3/envs/eco_dqn/lib/python3.10/site-packages/torch/_utils.py:776: UserWarning: TypedStorage is deprecated. It will be removed in the future and UntypedStorage will be the only storage class. This should only matter to you if you are using storages directly.  To access UntypedStorage directly, use tensor.untyped_storage() instead of tensor.storage()
  return self.fget.__get__(instance, owner)()
Solving MaxCut for Twitter Budget 100 Depth 50 with train_dist ER_200
Data has been loaded from ../snap_dataset/test/Twitter
Performance of GCNPruner
Size Constraint,k: 100
Size of Ground Set,|U|: 80712
Size of Pruned Ground Set, |Upruned|: 11927
Pg(%): 85.22
Ratio: 100.0
C 85.22
Data has been saved to generelization/ER_200/MaxCut/data/Twitter/GNNPruner
**********
Time elpased to create the game 3.5934
Restarting MCTS
Restarting MCTS
Restarting MCTS
Restarting MCTS
time elapsed to pruned 125.779541015625
Total time to prune 153.2704336643219
Elapsed time (unpruned): 0.2546
Elapsed time (pruned): 0.0073
**********
Performance of MCTSPruner
Size Constraint,k: 100
Size of Ground Set,|U|: 80712
Size of Pruned Ground Set, |Upruned|: 250
Pg(%): 99.69
Ratio: 97.39
C 97.08
Data has been saved to generelization/ER_200/MaxCut/data/Twitter/MCTSPruner+GNNPruner
**********
Pruned universe from GNN is given
Action mask length in MCTS: 11927
Time elpased to create the game 0.0471
time elapsed to pruned 123.78795862197876
Total time to prune 277.3601269721985
Elapsed time (unpruned): 0.2574
Elapsed time (pruned): 0.0074
**********
Performance of MCTSPruner+GNNPruner+GuidedMCTS
Size Constraint,k: 100
Size of Ground Set,|U|: 80712
Size of Pruned Ground Set, |Upruned|: 250
Pg(%): 99.69
Ratio: 97.39
C 97.08
Data has been saved to generelization/ER_200/MaxCut/data/Twitter/MCTSPruner+GNNPruner+GuidedMCTS
**********
Starting Multi-Budget Analysis
Evaluating heuristic for budget: 1
MCTS Pruning Performance:
Effectiveness Ratio: 100.0%
Evaluating heuristic for budget: 10
MCTS Pruning Performance:
Effectiveness Ratio: 100.0%
Evaluating heuristic for budget: 25
MCTS Pruning Performance:
Effectiveness Ratio: 100.0%
Evaluating heuristic for budget: 50
MCTS Pruning Performance:
Effectiveness Ratio: 99.4563%
Evaluating heuristic for budget: 75
MCTS Pruning Performance:
Effectiveness Ratio: 98.1803%
Evaluating heuristic for budget: 100
MCTS Pruning Performance:
Effectiveness Ratio: 97.3858%
   Dataset  Budget     Ratio
0  Twitter       1  1.000000
1  Twitter      10  1.000000
2  Twitter      25  1.000000
3  Twitter      50  0.994563
4  Twitter      75  0.981803
5  Twitter     100  0.973858
Data has been saved to MaxCut_multibudget/data/Twitter/MCTSPruner
/home/grads/a/anath/anaconda3/envs/eco_dqn/lib/python3.10/site-packages/torch/_utils.py:776: UserWarning: TypedStorage is deprecated. It will be removed in the future and UntypedStorage will be the only storage class. This should only matter to you if you are using storages directly.  To access UntypedStorage directly, use tensor.untyped_storage() instead of tensor.storage()
  return self.fget.__get__(instance, owner)()
Solving MaxCut for YouTube Budget 100 Depth 50 with train_dist ER_200
Data has been loaded from ../snap_dataset/test/YouTube
Performance of GCNPruner
Size Constraint,k: 100
Size of Ground Set,|U|: 1098104
Size of Pruned Ground Set, |Upruned|: 158664
Pg(%): 85.55
Ratio: 100.0
C 85.55
Data has been saved to generelization/ER_200/MaxCut/data/YouTube/GNNPruner
**********
Time elpased to create the game 21.3988
Restarting MCTS
Restarting MCTS
Restarting MCTS
Restarting MCTS
Restarting MCTS
time elapsed to pruned 703.9418792724609
Total time to prune 797.8414554595947
Elapsed time (unpruned): 3.3695
Elapsed time (pruned): 0.0748
**********
Performance of MCTSPruner
Size Constraint,k: 100
Size of Ground Set,|U|: 1098104
Size of Pruned Ground Set, |Upruned|: 300
Pg(%): 99.97
Ratio: 98.13
C 98.11
Data has been saved to generelization/ER_200/MaxCut/data/YouTube/MCTSPruner+GNNPruner
**********
Pruned universe from GNN is given
Action mask length in MCTS: 158664
Time elpased to create the game 0.483
time elapsed to pruned 668.3869726657867
Total time to prune 1470.0810797214508
Elapsed time (unpruned): 3.3087
Elapsed time (pruned): 0.0675
**********
Performance of MCTSPruner+GNNPruner+GuidedMCTS
Size Constraint,k: 100
Size of Ground Set,|U|: 1098104
Size of Pruned Ground Set, |Upruned|: 300
Pg(%): 99.97
Ratio: 98.13
C 98.11
Data has been saved to generelization/ER_200/MaxCut/data/YouTube/MCTSPruner+GNNPruner+GuidedMCTS
**********
Starting Multi-Budget Analysis
Evaluating heuristic for budget: 1
MCTS Pruning Performance:
Effectiveness Ratio: 100.0%
Evaluating heuristic for budget: 10
MCTS Pruning Performance:
Effectiveness Ratio: 100.0%
Evaluating heuristic for budget: 25
MCTS Pruning Performance:
Effectiveness Ratio: 100.0%
Evaluating heuristic for budget: 50
MCTS Pruning Performance:
Effectiveness Ratio: 99.8201%
Evaluating heuristic for budget: 75
MCTS Pruning Performance:
Effectiveness Ratio: 99.0402%
Evaluating heuristic for budget: 100
MCTS Pruning Performance:
Effectiveness Ratio: 98.1323%
   Dataset  Budget     Ratio
0  YouTube       1  1.000000
1  YouTube      10  1.000000
2  YouTube      25  1.000000
3  YouTube      50  0.998201
4  YouTube      75  0.990402
5  YouTube     100  0.981323
Data has been saved to MaxCut_multibudget/data/YouTube/MCTSPruner
/home/grads/a/anath/anaconda3/envs/eco_dqn/lib/python3.10/site-packages/torch/_utils.py:776: UserWarning: TypedStorage is deprecated. It will be removed in the future and UntypedStorage will be the only storage class. This should only matter to you if you are using storages directly.  To access UntypedStorage directly, use tensor.untyped_storage() instead of tensor.storage()
  return self.fget.__get__(instance, owner)()
Solving MaxCut for Skitter Budget 100 Depth 50 with train_dist ER_200
Data has been loaded from ../snap_dataset/test/Skitter
Performance of GCNPruner
Size Constraint,k: 100
Size of Ground Set,|U|: 1694318
Size of Pruned Ground Set, |Upruned|: 220593
Pg(%): 86.98
Ratio: 100.0
C 86.98
Data has been saved to generelization/ER_200/MaxCut/data/Skitter/GNNPruner
**********
Time elpased to create the game 64.9111
Restarting MCTS
Restarting MCTS
Restarting MCTS
Restarting MCTS
time elapsed to pruned 1667.7389352321625
Total time to prune 1994.7890374660492
Elapsed time (unpruned): 5.7183
Elapsed time (pruned): 0.1487
**********
Performance of MCTSPruner
Size Constraint,k: 100
Size of Ground Set,|U|: 1694318
Size of Pruned Ground Set, |Upruned|: 250
Pg(%): 99.99
Ratio: 67.07
C 67.06
Data has been saved to generelization/ER_200/MaxCut/data/Skitter/MCTSPruner+GNNPruner
**********
Pruned universe from GNN is given
Action mask length in MCTS: 220593
Time elpased to create the game 0.9448
time elapsed to pruned 1659.602506160736
Total time to prune 3661.0548508167267
Elapsed time (unpruned): 5.7426
Elapsed time (pruned): 0.1485
**********
Performance of MCTSPruner+GNNPruner+GuidedMCTS
Size Constraint,k: 100
Size of Ground Set,|U|: 1694318
Size of Pruned Ground Set, |Upruned|: 250
Pg(%): 99.99
Ratio: 67.07
C 67.06
Data has been saved to generelization/ER_200/MaxCut/data/Skitter/MCTSPruner+GNNPruner+GuidedMCTS
**********
Starting Multi-Budget Analysis
Evaluating heuristic for budget: 1
MCTS Pruning Performance:
Effectiveness Ratio: 100.0%
Evaluating heuristic for budget: 10
MCTS Pruning Performance:
Effectiveness Ratio: 90.7732%
Evaluating heuristic for budget: 25
MCTS Pruning Performance:
Effectiveness Ratio: 79.7014%
Evaluating heuristic for budget: 50
MCTS Pruning Performance:
Effectiveness Ratio: 75.432%
Evaluating heuristic for budget: 75
MCTS Pruning Performance:
Effectiveness Ratio: 71.4457%
Evaluating heuristic for budget: 100
MCTS Pruning Performance:
Effectiveness Ratio: 67.0678%
   Dataset  Budget     Ratio
0  Skitter       1  1.000000
1  Skitter      10  0.907732
2  Skitter      25  0.797014
3  Skitter      50  0.754320
4  Skitter      75  0.714457
5  Skitter     100  0.670678
Data has been saved to MaxCut_multibudget/data/Skitter/MCTSPruner
/home/grads/a/anath/anaconda3/envs/eco_dqn/lib/python3.10/site-packages/torch/_utils.py:776: UserWarning: TypedStorage is deprecated. It will be removed in the future and UntypedStorage will be the only storage class. This should only matter to you if you are using storages directly.  To access UntypedStorage directly, use tensor.untyped_storage() instead of tensor.storage()
  return self.fget.__get__(instance, owner)()
Solving IM for Facebook Budget 100 Depth 50 with train_dist ER_200
Data has been loaded from ../snap_dataset/test/Facebook
Performance of GCNPruner
Size Constraint,k: 100
Size of Ground Set,|U|: 4002
Size of Pruned Ground Set, |Upruned|: 2179
Pg(%): 45.550000000000004
Ratio: 100.91000000000001
C 45.97
Data has been saved to generelization/ER_200/IM/data/Facebook/GNNPruner
**********
Time elpased to create the game 2.3403
Restarting MCTS
Restarting MCTS
Restarting MCTS
Restarting MCTS
Restarting MCTS
Restarting MCTS
time elapsed to pruned 23.419641494750977
Total time to prune 28.64723253250122
Elapsed time (unpruned): 2.1007
Elapsed time (pruned): 2.535
**********
Performance of MCTSPruner
Size Constraint,k: 100
Size of Ground Set,|U|: 4002
Size of Pruned Ground Set, |Upruned|: 350
Pg(%): 91.25
Ratio: 98.45
C 89.84
Data has been saved to generelization/ER_200/IM/data/Facebook/MCTSPruner+GNNPruner
**********
Pruned universe from GNN is given
Action mask length in MCTS: 2179
Time elpased to create the game 2.5373
time elapsed to pruned 16.383596181869507
Total time to prune 49.66896367073059
Elapsed time (unpruned): 2.7289
Elapsed time (pruned): 2.3316
**********
Performance of MCTSPruner+GNNPruner+GuidedMCTS
Size Constraint,k: 100
Size of Ground Set,|U|: 4002
Size of Pruned Ground Set, |Upruned|: 250
Pg(%): 93.75
Ratio: 93.26
C 87.44
Data has been saved to generelization/ER_200/IM/data/Facebook/MCTSPruner+GNNPruner+GuidedMCTS
**********
Starting Multi-Budget Analysis
Evaluating heuristic for budget: 1
MCTS Pruning Performance:
Effectiveness Ratio: 108.423%
Evaluating heuristic for budget: 10
MCTS Pruning Performance:
Effectiveness Ratio: 99.0164%
Evaluating heuristic for budget: 25
MCTS Pruning Performance:
Effectiveness Ratio: 97.8243%
Evaluating heuristic for budget: 50
MCTS Pruning Performance:
Effectiveness Ratio: 95.4878%
Evaluating heuristic for budget: 75
MCTS Pruning Performance:
Effectiveness Ratio: 93.1946%
Evaluating heuristic for budget: 100
MCTS Pruning Performance:
Effectiveness Ratio: 96.6226%
    Dataset  Budget     Ratio
0  Facebook       1  1.084230
1  Facebook      10  0.990164
2  Facebook      25  0.978243
3  Facebook      50  0.954878
4  Facebook      75  0.931946
5  Facebook     100  0.966226
Data has been saved to IM_multibudget/data/Facebook/MCTSPruner
/home/grads/a/anath/anaconda3/envs/eco_dqn/lib/python3.10/site-packages/torch/_utils.py:776: UserWarning: TypedStorage is deprecated. It will be removed in the future and UntypedStorage will be the only storage class. This should only matter to you if you are using storages directly.  To access UntypedStorage directly, use tensor.untyped_storage() instead of tensor.storage()
  return self.fget.__get__(instance, owner)()
Solving IM for Wiki Budget 100 Depth 50 with train_dist ER_200
Data has been loaded from ../snap_dataset/test/Wiki
Performance of GCNPruner
Size Constraint,k: 100
Size of Ground Set,|U|: 6358
Size of Pruned Ground Set, |Upruned|: 1488
Pg(%): 76.6
Ratio: 97.92
C 75.0
Data has been saved to generelization/ER_200/IM/data/Wiki/GNNPruner
**********
Time elpased to create the game 2.1281
Restarting MCTS
Restarting MCTS
Restarting MCTS
Restarting MCTS
time elapsed to pruned 20.13017725944519
Total time to prune 25.631332874298096
Elapsed time (unpruned): 2.1995
Elapsed time (pruned): 1.9937
**********
Performance of MCTSPruner
Size Constraint,k: 100
Size of Ground Set,|U|: 6358
Size of Pruned Ground Set, |Upruned|: 250
Pg(%): 96.07
Ratio: 98.18
C 94.32000000000001
Data has been saved to generelization/ER_200/IM/data/Wiki/MCTSPruner+GNNPruner
**********
Pruned universe from GNN is given
Action mask length in MCTS: 1488
Time elpased to create the game 1.9959
time elapsed to pruned 15.833478689193726
Total time to prune 45.66027069091797
Elapsed time (unpruned): 2.2039
Elapsed time (pruned): 2.8164
**********
Performance of MCTSPruner+GNNPruner+GuidedMCTS
Size Constraint,k: 100
Size of Ground Set,|U|: 6358
Size of Pruned Ground Set, |Upruned|: 200
Pg(%): 96.85000000000001
Ratio: 96.41999999999999
C 93.39
Data has been saved to generelization/ER_200/IM/data/Wiki/MCTSPruner+GNNPruner+GuidedMCTS
**********
Starting Multi-Budget Analysis
Evaluating heuristic for budget: 1
MCTS Pruning Performance:
Effectiveness Ratio: 106.3048%
Evaluating heuristic for budget: 10
MCTS Pruning Performance:
Effectiveness Ratio: 101.4189%
Evaluating heuristic for budget: 25
MCTS Pruning Performance:
Effectiveness Ratio: 100.0964%
Evaluating heuristic for budget: 50
MCTS Pruning Performance:
Effectiveness Ratio: 102.143%
Evaluating heuristic for budget: 75
MCTS Pruning Performance:
Effectiveness Ratio: 96.8078%
Evaluating heuristic for budget: 100
MCTS Pruning Performance:
Effectiveness Ratio: 96.9447%
  Dataset  Budget     Ratio
0    Wiki       1  1.063048
1    Wiki      10  1.014189
2    Wiki      25  1.000964
3    Wiki      50  1.021430
4    Wiki      75  0.968078
5    Wiki     100  0.969447
Data has been saved to IM_multibudget/data/Wiki/MCTSPruner
/home/grads/a/anath/anaconda3/envs/eco_dqn/lib/python3.10/site-packages/torch/_utils.py:776: UserWarning: TypedStorage is deprecated. It will be removed in the future and UntypedStorage will be the only storage class. This should only matter to you if you are using storages directly.  To access UntypedStorage directly, use tensor.untyped_storage() instead of tensor.storage()
  return self.fget.__get__(instance, owner)()
Solving IM for Deezer Budget 100 Depth 50 with train_dist ER_200
Data has been loaded from ../snap_dataset/test/Deezer
Performance of GCNPruner
Size Constraint,k: 100
Size of Ground Set,|U|: 53511
Size of Pruned Ground Set, |Upruned|: 31513
Pg(%): 41.11
Ratio: 100.56
C 41.339999999999996
Data has been saved to generelization/ER_200/IM/data/Deezer/GNNPruner
**********
Time elpased to create the game 10.6752
Restarting MCTS
Restarting MCTS
Restarting MCTS
Restarting MCTS
time elapsed to pruned 84.1953330039978
Total time to prune 111.21108651161194
Elapsed time (unpruned): 10.3579
Elapsed time (pruned): 10.5744
**********
Performance of MCTSPruner
Size Constraint,k: 100
Size of Ground Set,|U|: 53511
Size of Pruned Ground Set, |Upruned|: 250
Pg(%): 99.53
Ratio: 99.92999999999999
C 99.46000000000001
Data has been saved to generelization/ER_200/IM/data/Deezer/MCTSPruner+GNNPruner
**********
Pruned universe from GNN is given
Action mask length in MCTS: 31513
Time elpased to create the game 10.5788
time elapsed to pruned 83.6509153842926
Total time to prune 215.79885244369507
Elapsed time (unpruned): 10.1655
Elapsed time (pruned): 10.1354
**********
Performance of MCTSPruner+GNNPruner+GuidedMCTS
Size Constraint,k: 100
Size of Ground Set,|U|: 53511
Size of Pruned Ground Set, |Upruned|: 250
Pg(%): 99.53
Ratio: 96.50999999999999
C 96.06
Data has been saved to generelization/ER_200/IM/data/Deezer/MCTSPruner+GNNPruner+GuidedMCTS
**********
Starting Multi-Budget Analysis
Evaluating heuristic for budget: 1
MCTS Pruning Performance:
Effectiveness Ratio: 94.7603%
Evaluating heuristic for budget: 10
MCTS Pruning Performance:
Effectiveness Ratio: 92.7511%
Evaluating heuristic for budget: 25
MCTS Pruning Performance:
Effectiveness Ratio: 96.6779%
Evaluating heuristic for budget: 50
MCTS Pruning Performance:
Effectiveness Ratio: 101.054%
Evaluating heuristic for budget: 75
MCTS Pruning Performance:
Effectiveness Ratio: 98.5349%
Evaluating heuristic for budget: 100
MCTS Pruning Performance:
Effectiveness Ratio: 99.5989%
  Dataset  Budget     Ratio
0  Deezer       1  0.947603
1  Deezer      10  0.927511
2  Deezer      25  0.966779
3  Deezer      50  1.010540
4  Deezer      75  0.985349
5  Deezer     100  0.995989
Data has been saved to IM_multibudget/data/Deezer/MCTSPruner
/home/grads/a/anath/anaconda3/envs/eco_dqn/lib/python3.10/site-packages/torch/_utils.py:776: UserWarning: TypedStorage is deprecated. It will be removed in the future and UntypedStorage will be the only storage class. This should only matter to you if you are using storages directly.  To access UntypedStorage directly, use tensor.untyped_storage() instead of tensor.storage()
  return self.fget.__get__(instance, owner)()
Solving IM for DBLP Budget 100 Depth 50 with train_dist ER_200
Data has been loaded from ../snap_dataset/test/DBLP
Performance of GCNPruner
Size Constraint,k: 100
Size of Ground Set,|U|: 315305
Size of Pruned Ground Set, |Upruned|: 153015
Pg(%): 51.470000000000006
Ratio: 101.17
C 52.080000000000005
Data has been saved to generelization/ER_200/IM/data/DBLP/GNNPruner
**********
Time elpased to create the game 52.2498
Restarting MCTS
Restarting MCTS
Restarting MCTS
Restarting MCTS
Restarting MCTS
time elapsed to pruned 413.3175103664398
Total time to prune 543.1065278053284
Elapsed time (unpruned): 56.0752
Elapsed time (pruned): 48.566
**********
Performance of MCTSPruner
Size Constraint,k: 100
Size of Ground Set,|U|: 315305
Size of Pruned Ground Set, |Upruned|: 300
Pg(%): 99.9
Ratio: 84.86
C 84.78
Data has been saved to generelization/ER_200/IM/data/DBLP/MCTSPruner+GNNPruner
**********
Pruned universe from GNN is given
Action mask length in MCTS: 153015
Time elpased to create the game 48.5787
time elapsed to pruned 423.9170432090759
Total time to prune 1071.677521944046
Elapsed time (unpruned): 49.3623
Elapsed time (pruned): 52.9532
**********
Performance of MCTSPruner+GNNPruner+GuidedMCTS
Size Constraint,k: 100
Size of Ground Set,|U|: 315305
Size of Pruned Ground Set, |Upruned|: 300
Pg(%): 99.9
Ratio: 85.11999999999999
C 85.04
Data has been saved to generelization/ER_200/IM/data/DBLP/MCTSPruner+GNNPruner+GuidedMCTS
**********
Starting Multi-Budget Analysis
Evaluating heuristic for budget: 1
MCTS Pruning Performance:
Effectiveness Ratio: 61.4747%
Evaluating heuristic for budget: 10
MCTS Pruning Performance:
Effectiveness Ratio: 65.8658%
Evaluating heuristic for budget: 25
MCTS Pruning Performance:
Effectiveness Ratio: 76.289%
Evaluating heuristic for budget: 50
MCTS Pruning Performance:
Effectiveness Ratio: 80.9598%
Evaluating heuristic for budget: 75
MCTS Pruning Performance:
Effectiveness Ratio: 85.1679%
Evaluating heuristic for budget: 100
MCTS Pruning Performance:
Effectiveness Ratio: 83.5239%
  Dataset  Budget     Ratio
0    DBLP       1  0.614747
1    DBLP      10  0.658658
2    DBLP      25  0.762890
3    DBLP      50  0.809598
4    DBLP      75  0.851679
5    DBLP     100  0.835239
Data has been saved to IM_multibudget/data/DBLP/MCTSPruner
/home/grads/a/anath/anaconda3/envs/eco_dqn/lib/python3.10/site-packages/torch/_utils.py:776: UserWarning: TypedStorage is deprecated. It will be removed in the future and UntypedStorage will be the only storage class. This should only matter to you if you are using storages directly.  To access UntypedStorage directly, use tensor.untyped_storage() instead of tensor.storage()
  return self.fget.__get__(instance, owner)()
Solving IM for Slashdot Budget 100 Depth 50 with train_dist ER_200
Data has been loaded from ../snap_dataset/test/Slashdot
Performance of GCNPruner
Size Constraint,k: 100
Size of Ground Set,|U|: 67640
Size of Pruned Ground Set, |Upruned|: 16999
Pg(%): 74.87
Ratio: 98.82
C 73.98
Data has been saved to generelization/ER_200/IM/data/Slashdot/GNNPruner
**********
Time elpased to create the game 7.3887
Restarting MCTS
Restarting MCTS
Restarting MCTS
Restarting MCTS
time elapsed to pruned 58.96865916252136
Total time to prune 79.06714463233948
Elapsed time (unpruned): 7.6315
Elapsed time (pruned): 7.0333
**********
Performance of MCTSPruner
Size Constraint,k: 100
Size of Ground Set,|U|: 67640
Size of Pruned Ground Set, |Upruned|: 250
Pg(%): 99.63
Ratio: 100.4
C 100.03
Data has been saved to generelization/ER_200/IM/data/Slashdot/MCTSPruner+GNNPruner
**********
Pruned universe from GNN is given
Action mask length in MCTS: 16999
Time elpased to create the game 7.0365
time elapsed to pruned 60.3829026222229
Total time to prune 154.1182041168213
Elapsed time (unpruned): 7.783
Elapsed time (pruned): 7.1275
**********
Performance of MCTSPruner+GNNPruner+GuidedMCTS
Size Constraint,k: 100
Size of Ground Set,|U|: 67640
Size of Pruned Ground Set, |Upruned|: 250
Pg(%): 99.63
Ratio: 99.71
C 99.35000000000001
Data has been saved to generelization/ER_200/IM/data/Slashdot/MCTSPruner+GNNPruner+GuidedMCTS
**********
Starting Multi-Budget Analysis
Evaluating heuristic for budget: 1
MCTS Pruning Performance:
Effectiveness Ratio: 101.1161%
Evaluating heuristic for budget: 10
MCTS Pruning Performance:
Effectiveness Ratio: 105.7255%
Evaluating heuristic for budget: 25
MCTS Pruning Performance:
Effectiveness Ratio: 96.0881%
Evaluating heuristic for budget: 50
MCTS Pruning Performance:
Effectiveness Ratio: 97.5581%
Evaluating heuristic for budget: 75
MCTS Pruning Performance:
Effectiveness Ratio: 101.9215%
Evaluating heuristic for budget: 100
MCTS Pruning Performance:
Effectiveness Ratio: 98.5468%
    Dataset  Budget     Ratio
0  Slashdot       1  1.011161
1  Slashdot      10  1.057255
2  Slashdot      25  0.960881
3  Slashdot      50  0.975581
4  Slashdot      75  1.019215
5  Slashdot     100  0.985468
Data has been saved to IM_multibudget/data/Slashdot/MCTSPruner
/home/grads/a/anath/anaconda3/envs/eco_dqn/lib/python3.10/site-packages/torch/_utils.py:776: UserWarning: TypedStorage is deprecated. It will be removed in the future and UntypedStorage will be the only storage class. This should only matter to you if you are using storages directly.  To access UntypedStorage directly, use tensor.untyped_storage() instead of tensor.storage()
  return self.fget.__get__(instance, owner)()
Solving IM for Twitter Budget 100 Depth 50 with train_dist ER_200
Data has been loaded from ../snap_dataset/test/Twitter
Performance of GCNPruner
Size Constraint,k: 100
Size of Ground Set,|U|: 80712
Size of Pruned Ground Set, |Upruned|: 25507
Pg(%): 68.4
Ratio: 100.96000000000001
C 69.06
Data has been saved to generelization/ER_200/IM/data/Twitter/GNNPruner
**********
Time elpased to create the game 60.2981
Restarting MCTS
Restarting MCTS
Restarting MCTS
time elapsed to pruned 295.6703791618347
Total time to prune 431.9761416912079
Elapsed time (unpruned): 60.4229
Elapsed time (pruned): 56.7626
**********
Performance of MCTSPruner
Size Constraint,k: 100
Size of Ground Set,|U|: 80712
Size of Pruned Ground Set, |Upruned|: 200
Pg(%): 99.75
Ratio: 92.91
C 92.67999999999999
Data has been saved to generelization/ER_200/IM/data/Twitter/MCTSPruner+GNNPruner
**********
Pruned universe from GNN is given
Action mask length in MCTS: 25507
Time elpased to create the game 56.7697
time elapsed to pruned 305.29964327812195
Total time to prune 854.4685282707214
Elapsed time (unpruned): 61.8166
Elapsed time (pruned): 70.5989
**********
Performance of MCTSPruner+GNNPruner+GuidedMCTS
Size Constraint,k: 100
Size of Ground Set,|U|: 80712
Size of Pruned Ground Set, |Upruned|: 200
Pg(%): 99.75
Ratio: 96.14
C 95.89999999999999
Data has been saved to generelization/ER_200/IM/data/Twitter/MCTSPruner+GNNPruner+GuidedMCTS
**********
Starting Multi-Budget Analysis
Evaluating heuristic for budget: 1
MCTS Pruning Performance:
Effectiveness Ratio: 102.4354%
Evaluating heuristic for budget: 10
MCTS Pruning Performance:
Effectiveness Ratio: 98.9519%
Evaluating heuristic for budget: 25
MCTS Pruning Performance:
Effectiveness Ratio: 94.9702%
Evaluating heuristic for budget: 50
MCTS Pruning Performance:
Effectiveness Ratio: 97.6325%
Evaluating heuristic for budget: 75
MCTS Pruning Performance:
Effectiveness Ratio: 98.2083%
Evaluating heuristic for budget: 100
MCTS Pruning Performance:
Effectiveness Ratio: 91.774%
   Dataset  Budget     Ratio
0  Twitter       1  1.024354
1  Twitter      10  0.989519
2  Twitter      25  0.949702
3  Twitter      50  0.976325
4  Twitter      75  0.982083
5  Twitter     100  0.917740
Data has been saved to IM_multibudget/data/Twitter/MCTSPruner
/home/grads/a/anath/anaconda3/envs/eco_dqn/lib/python3.10/site-packages/torch/_utils.py:776: UserWarning: TypedStorage is deprecated. It will be removed in the future and UntypedStorage will be the only storage class. This should only matter to you if you are using storages directly.  To access UntypedStorage directly, use tensor.untyped_storage() instead of tensor.storage()
  return self.fget.__get__(instance, owner)()
Solving IM for YouTube Budget 100 Depth 50 with train_dist ER_200
Data has been loaded from ../snap_dataset/test/YouTube
Performance of GCNPruner
Size Constraint,k: 100
Size of Ground Set,|U|: 1098104
Size of Pruned Ground Set, |Upruned|: 374662
Pg(%): 65.88000000000001
Ratio: 94.94
C 62.55
Data has been saved to generelization/ER_200/IM/data/YouTube/GNNPruner
**********
Time elpased to create the game 303.4131
Restarting MCTS
Restarting MCTS
Restarting MCTS
time elapsed to pruned 1512.5429048538208
Total time to prune 2176.160181045532
Elapsed time (unpruned): 351.353
Elapsed time (pruned): 360.3081
**********
Performance of MCTSPruner
Size Constraint,k: 100
Size of Ground Set,|U|: 1098104
Size of Pruned Ground Set, |Upruned|: 200
Pg(%): 99.98
Ratio: 98.8
C 98.78
Data has been saved to generelization/ER_200/IM/data/YouTube/MCTSPruner+GNNPruner
**********
Pruned universe from GNN is given
Action mask length in MCTS: 374662
Time elpased to create the game 360.3584
time elapsed to pruned 2039.589210987091
Total time to prune 4927.460988044739
Elapsed time (unpruned): 348.6367
Elapsed time (pruned): 312.3339
**********
Performance of MCTSPruner+GNNPruner+GuidedMCTS
Size Constraint,k: 100
Size of Ground Set,|U|: 1098104
Size of Pruned Ground Set, |Upruned|: 250
Pg(%): 99.98
Ratio: 97.02
C 97.0
Data has been saved to generelization/ER_200/IM/data/YouTube/MCTSPruner+GNNPruner+GuidedMCTS
**********
Starting Multi-Budget Analysis
Evaluating heuristic for budget: 1
MCTS Pruning Performance:
Effectiveness Ratio: 103.4269%
Evaluating heuristic for budget: 10
MCTS Pruning Performance:
Effectiveness Ratio: 100.4494%
Evaluating heuristic for budget: 25
MCTS Pruning Performance:
Effectiveness Ratio: 102.2098%
Evaluating heuristic for budget: 50
MCTS Pruning Performance:
Effectiveness Ratio: 99.2013%
Evaluating heuristic for budget: 75
MCTS Pruning Performance:
Effectiveness Ratio: 95.6612%
Evaluating heuristic for budget: 100
MCTS Pruning Performance:
Effectiveness Ratio: 95.8314%
   Dataset  Budget     Ratio
0  YouTube       1  1.034269
1  YouTube      10  1.004494
2  YouTube      25  1.022098
3  YouTube      50  0.992013
4  YouTube      75  0.956612
5  YouTube     100  0.958314
Data has been saved to IM_multibudget/data/YouTube/MCTSPruner
/home/grads/a/anath/anaconda3/envs/eco_dqn/lib/python3.10/site-packages/torch/_utils.py:776: UserWarning: TypedStorage is deprecated. It will be removed in the future and UntypedStorage will be the only storage class. This should only matter to you if you are using storages directly.  To access UntypedStorage directly, use tensor.untyped_storage() instead of tensor.storage()
  return self.fget.__get__(instance, owner)()
Solving IM for Skitter Budget 100 Depth 50 with train_dist ER_200
Data has been loaded from ../snap_dataset/test/Skitter
Performance of GCNPruner
Size Constraint,k: 100
Size of Ground Set,|U|: 1694318
Size of Pruned Ground Set, |Upruned|: 668771
Pg(%): 60.529999999999994
Ratio: 99.33999999999999
C 60.129999999999995
Data has been saved to generelization/ER_200/IM/data/Skitter/GNNPruner
**********
Time elpased to create the game 2067.8397
Restarting MCTS
Restarting MCTS
Restarting MCTS
Restarting MCTS
Restarting MCTS
time elapsed to pruned 13215.01858663559
Total time to prune 17377.316031455994
Elapsed time (unpruned): 2093.458
Elapsed time (pruned): 1961.5631
**********
Performance of MCTSPruner
Size Constraint,k: 100
Size of Ground Set,|U|: 1694318
Size of Pruned Ground Set, |Upruned|: 300
Pg(%): 99.98
Ratio: 96.99
C 96.97
Data has been saved to generelization/ER_200/IM/data/Skitter/MCTSPruner+GNNPruner
**********
Pruned universe from GNN is given
Action mask length in MCTS: 668771
Time elpased to create the game 1961.7092
time elapsed to pruned 4705.201535701752
Total time to prune 26137.68499970436
Elapsed time (unpruned): 2100.8855
Elapsed time (pruned): 2014.6083
**********
Performance of MCTSPruner+GNNPruner+GuidedMCTS
Size Constraint,k: 100
Size of Ground Set,|U|: 1694318
Size of Pruned Ground Set, |Upruned|: 100
Pg(%): 99.99
Ratio: 93.31
C 93.30000000000001
Data has been saved to generelization/ER_200/IM/data/Skitter/MCTSPruner+GNNPruner+GuidedMCTS
**********
Starting Multi-Budget Analysis
Evaluating heuristic for budget: 1
MCTS Pruning Performance:
Effectiveness Ratio: 97.9978%
Evaluating heuristic for budget: 10
MCTS Pruning Performance:
Effectiveness Ratio: 104.2421%
Evaluating heuristic for budget: 25
MCTS Pruning Performance:
Effectiveness Ratio: 96.2029%
Evaluating heuristic for budget: 50
MCTS Pruning Performance:
Effectiveness Ratio: 99.4597%
Evaluating heuristic for budget: 75
MCTS Pruning Performance:
Effectiveness Ratio: 92.9101%
Evaluating heuristic for budget: 100
MCTS Pruning Performance:
Effectiveness Ratio: 94.9433%
   Dataset  Budget     Ratio
0  Skitter       1  0.979978
1  Skitter      10  1.042421
2  Skitter      25  0.962029
3  Skitter      50  0.994597
4  Skitter      75  0.929101
5  Skitter     100  0.949433
Data has been saved to IM_multibudget/data/Skitter/MCTSPruner
All commands have been completed.
